// Jest Snapshot v1, https://goo.gl/fbAQLP

exports[`App component tests renders correctly 1`] = `
<div>
  <Header />
  <div
    className="sc-bwzfXH jKArlw"
  >
    <div
      className="sc-htpNat envnwQ"
    >
      <Input />
      <List />
    </div>
    <Mapper />
  </div>
  <div
    className="sc-bdVaJa hgsmGs"
  >
    <span>
      Код можно посмотреть тут:
      <a
        href="https://github.com/Ulgerd/Mapper/tree/master/src"
      >
        GitHub Mapper
      </a>
    </span>
    <span>
      Первая часть квалификационного задания:
      <a
        href="https://resume.ulgerd.now.sh/FunBox_Level_1.pdf"
      >
        Level_I
      </a>
    </span>
    <span>
      Резюме:
      <a
        href="https://resume.ulgerd.now.sh/Pylaev_React_Jun.html"
      >
        Resume
      </a>
    </span>
  </div>
</div>
`;
