// Jest Snapshot v1, https://goo.gl/fbAQLP

exports[`MapLine component tests renders correctly 1`] = `null`;
